生成启动时间为 2026/9/25 12:09:19。
     1>项目“E:\WindowsFile\Empostor\Empostor\src\Empostor.Plugins.Titles\Empostor.Plugins.Titles.csproj”在节点 1 上(Restore 个目标)。
     1>_GetAllRestoreProjectPathItems:
         正在确定要还原的项目…
       Restore:
         X.509 证书链验证将使用 .NET 选择的默认信任存储进行代码签名。
         X.509 证书链验证将使用 .NET 选择的默认信任存储进行时间戳。
         资产文件未改变。跳过资产文件写入。路径: E:\WindowsFile\Empostor\Empostor\src\Empostor.Api\obj\project.assets.json
         资产文件未改变。跳过资产文件写入。路径: E:\WindowsFile\Empostor\Empostor\src\Empostor.Api.Innersloth.Generator\obj\project.assets.json
         已还原 E:\WindowsFile\Empostor\Empostor\src\Empostor.Api.Innersloth.Generator\Empostor.Api.Innersloth.Generator.csproj (用时 43 毫秒)。
         已还原 E:\WindowsFile\Empostor\Empostor\src\Empostor.Api\Empostor.Api.csproj (用时 43 毫秒)。
         正在还原 E:\WindowsFile\Empostor\Empostor\src\Empostor.Plugins.Titles\Empostor.Plugins.Titles.csproj 的包...
           CACHE https://api.nuget.org/v3-flatcontainer/empostor.hazel/index.json
           GET https://nuget.samboy.dev/v3/package/empostor.hazel/index.json
           GET https://nuget.bepinex.dev/v3/package/empostor.hazel/index.json
           NotFound https://nuget.bepinex.dev/v3/package/empostor.hazel/index.json 729 毫秒
           NotFound https://nuget.samboy.dev/v3/package/empostor.hazel/index.json 1301 毫秒
     1>E:\WindowsFile\Empostor\Empostor\src\Empostor.Plugins.Titles\Empostor.Plugins.Titles.csproj : error NU1102: 找不到版本为 (>= 1.0.2) 的包 Empostor.Hazel
E:\WindowsFile\Empostor\Empostor\src\Empostor.Plugins.Titles\Empostor.Plugins.Titles.csproj : error NU1102:   - 在 nuget.org 中找到 1 个版本[ 最接近版本: 1.0.2 ]
E:\WindowsFile\Empostor\Empostor\src\Empostor.Plugins.Titles\Empostor.Plugins.Titles.csproj : error NU1102:   - 在 Microsoft Visual Studio Offline Packages 中找到 0 个版本
E:\WindowsFile\Empostor\Empostor\src\Empostor.Plugins.Titles\Empostor.Plugins.Titles.csproj : error NU1102:   - 在 BepInEx 中找到 0 个版本
E:\WindowsFile\Empostor\Empostor\src\Empostor.Plugins.Titles\Empostor.Plugins.Titles.csproj : error NU1102:   - 在 Samboy063 中找到 0 个版本
           CACHE https://api.nuget.org/v3/vulnerabilities/index.json
           CACHE https://api.nuget.org/v3-vulnerabilities/2026.09.23.05.36.38/vulnerability.base.json
           CACHE https://api.nuget.org/v3-vulnerabilities/2026.09.23.05.36.38/2026.09.24.17.36.47/vulnerability.update.json
         资产文件未改变。跳过资产文件写入。路径: E:\WindowsFile\Empostor\Empostor\src\Empostor.Plugins.Titles\obj\project.assets.json
         未能还原 E:\WindowsFile\Empostor\Empostor\src\Empostor.Plugins.Titles\Empostor.Plugins.Titles.csproj (用时 1.62 秒)。
         
         使用的 NuGet 配置文件:
             C:\Users\ASUS\AppData\Roaming\NuGet\NuGet.Config
             C:\Program Files (x86)\NuGet\Config\Microsoft.VisualStudio.Offline.config
         
         使用的源:
             https://api.nuget.org/v3/index.json
             C:\Program Files (x86)\Microsoft SDKs\NuGetPackages\
             https://nuget.samboy.dev/v3/index.json
             https://nuget.bepinex.dev/v3/index.json
         2 个项目(共 3 个)是最新的，无法还原。
     1>已完成生成项目“E:\WindowsFile\Empostor\Empostor\src\Empostor.Plugins.Titles\Empostor.Plugins.Titles.csproj”(Restore 个目标)的操作 - 失败。

生成失败。

       “E:\WindowsFile\Empostor\Empostor\src\Empostor.Plugins.Titles\Empostor.Plugins.Titles.csproj”(Restore 目标) (1) ->
       (Restore 目标) -> 
         E:\WindowsFile\Empostor\Empostor\src\Empostor.Plugins.Titles\Empostor.Plugins.Titles.csproj : error NU1102: 找不到版本为 (>= 1.0.2) 的包 Empostor.Hazel
       E:\WindowsFile\Empostor\Empostor\src\Empostor.Plugins.Titles\Empostor.Plugins.Titles.csproj : error NU1102:   - 在 nuget.org 中找到 1 个版本[ 最接近版本: 1.0.2 ]
       E:\WindowsFile\Empostor\Empostor\src\Empostor.Plugins.Titles\Empostor.Plugins.Titles.csproj : error NU1102:   - 在 Microsoft Visual Studio Offline Packages 中找到 0 个版本
       E:\WindowsFile\Empostor\Empostor\src\Empostor.Plugins.Titles\Empostor.Plugins.Titles.csproj : error NU1102:   - 在 BepInEx 中找到 0 个版本
       E:\WindowsFile\Empostor\Empostor\src\Empostor.Plugins.Titles\Empostor.Plugins.Titles.csproj : error NU1102:   - 在 Samboy063 中找到 0 个版本

    0 个警告
    1 个错误

已用时间 00:00:02.66
