  正在确定要还原的项目…
  已还原 E:\WindowsFile\Empostor\Empostor\src\Empostor.Server\Empostor.Server.csproj (用时 769 毫秒)。
  已还原 E:\WindowsFile\Empostor\Empostor\src\Empostor.Plugins.Titles\Empostor.Plugins.Titles.csproj (用时 583 毫秒)。
  已还原 E:\WindowsFile\Empostor\Empostor\src\Empostor.Api.Innersloth.Generator\Empostor.Api.Innersloth.Generator.csproj (用时 577 毫秒)。
  已还原 E:\WindowsFile\Empostor\Empostor\src\Empostor.Api\Empostor.Api.csproj (用时 577 毫秒)。
  已还原 E:\WindowsFile\Empostor\Empostor\src\Empostor.Plugins.Message\Empostor.Plugins.Message.csproj (用时 577 毫秒)。
  已还原 E:\WindowsFile\Empostor\Empostor\src\Empostor.Plugin.Narrator\Empostor.Plugin.Narrator.csproj (用时 578 毫秒)。
  已还原 E:\WindowsFile\Empostor\Empostor\src\Empostor.Plugins.Welcome\Empostor.Plugins.Welcome.csproj (用时 583 毫秒)。
  已还原 E:\WindowsFile\Empostor\Empostor\src\Empostor.Plugins.Monitor\Empostor.Plugins.Monitor.csproj (用时 577 毫秒)。
  已还原 E:\WindowsFile\Empostor\Empostor\src\Empostor.Plugins.PlayerLog\Empostor.Plugins.PlayerLog.csproj (用时 578 毫秒)。
  已还原 E:\WindowsFile\Empostor\Empostor\src\Empostor.Plugin.Chat\Empostor.Plugin.Chat.csproj (用时 585 毫秒)。
  已还原 E:\WindowsFile\Empostor\Empostor\src\Empostor.Plugins.MapVote\Empostor.Plugins.MapVote.csproj (用时 577 毫秒)。
  已还原 E:\WindowsFile\Empostor\Empostor\src\Empostor.Plugins.FixedCode\Empostor.Plugins.FixedCode.csproj (用时 577 毫秒)。
  已还原 E:\WindowsFile\Empostor\Empostor\src\Empostor.Plugins.PlayerStats\Empostor.Plugins.PlayerStats.csproj (用时 577 毫秒)。
  已还原 E:\WindowsFile\Empostor\Empostor\src\Empostor.Plugins.DiscordWebhook\Empostor.Plugins.DiscordWebhook.csproj (用时 577 毫秒)。
  已还原 E:\WindowsFile\Empostor\Empostor\src\Empostor.Plugins.ChatFilter\Empostor.Plugins.ChatFilter.csproj (用时 587 毫秒)。
  已还原 E:\WindowsFile\Empostor\Empostor\src\Empostor.Plugins.Example\Empostor.Plugins.Example.csproj (用时 578 毫秒)。
  已还原 E:\WindowsFile\Empostor\Empostor\src\Empostor.Plugin.Code\Empostor.Plugin.Code.csproj (用时 9 毫秒)。
  已还原 E:\WindowsFile\Empostor\Empostor\src\Empostor.Plugins.QqVerify\Empostor.Plugins.QqVerify.csproj (用时 6 毫秒)。
  已还原 E:\WindowsFile\Empostor\Empostor\src\Empostor.Plugins.FriendCodeValidator\Empostor.Plugins.FriendCodeValidator.csproj (用时 7 毫秒)。
  已还原 E:\WindowsFile\Empostor\Empostor\src\Empostor.Plugins.Privacy\Empostor.Plugins.Privacy.csproj (用时 6 毫秒)。
  已还原 E:\WindowsFile\Empostor\Empostor\src\Empostor.Plugins.PlayerChannel\Empostor.Plugins.PlayerChannel.csproj (用时 15 毫秒)。
restore exit=0
